{
  "hash": "",
  "sender": "0xa550c18",
  "sequence_number": "0",
  "max_gas_amount": "1000000",
  "gas_unit_price": "0",
  "expiration_timestamp_secs": "18446744073709551615",
  "payload": {
    "function": "0x1::aptos_account::create_account",
    "type_arguments": [],
    "arguments": [
      "0x34bf7e2d17674feb234371a7ea58efd715f0e56ba20ebf13789480d9d643afaf"
    ],
    "type": "entry_function_payload"
  },
  "signature": {
    "public_key": "0x14418f867a0bd6d42abb2daa50cd68a5a869ce208282481f57504f630510d0d3",
    "signature": "0xb1b959c537f815029fb0b2056aaa3592925e8e97d1d37bfcebce5d11de798289574d427be780e84a26d8293a9128090a77ea4aefe774e7b0c7adb229973d2f0e",
    "type": "ed25519_signature"
  }
}
